// Jest Snapshot v1, https://goo.gl/fbAQLP

exports[`queries getEntityRelationsQuery applies filters 1`] = `
"query SelectSomeObjectRelations($anotherWhere: AnotherObjectWhere, $anotherLimit: Int) {
      another: anotherObjects(where: $anotherWhere, limit: $anotherLimit, orderBy: [{ name: ASC }]) {
            id
            display: name
          }
    }"
`;
